============================= test session starts =============================
platform win32 -- Python 3.14.0, pytest-9.0.2, pluggy-1.6.0 -- D:\Antigravity\Alpha-Forge\.venv\Scripts\python.exe
cachedir: .pytest_cache
rootdir: D:\Antigravity\Alpha-Forge
configfile: pyproject.toml
collecting ... collected 11 items

tests/test_csv_parser.py::test_parse_value_dollar PASSED                 [  9%]
tests/test_csv_parser.py::test_parse_value_dollar_negative PASSED        [ 18%]
tests/test_csv_parser.py::test_parse_value_percent PASSED                [ 27%]
tests/test_csv_parser.py::test_parse_value_negative_percent PASSED       [ 36%]
tests/test_csv_parser.py::test_parse_value_plain_number PASSED           [ 45%]
tests/test_csv_parser.py::test_parse_value_plain_float PASSED            [ 54%]
tests/test_csv_parser.py::test_parse_value_string PASSED                 [ 63%]
tests/test_csv_parser.py::test_parse_date_range PASSED                   [ 72%]
tests/test_csv_parser.py::test_compute_parameter_hash_deterministic PASSED [ 81%]
tests/test_csv_parser.py::test_compute_parameter_hash_different_values PASSED [ 90%]
tests/test_csv_parser.py::test_parse_stats_csv FAILED                    [100%]

================================== FAILURES ===================================
____________________________ test_parse_stats_csv _____________________________
tests\test_csv_parser.py:56: in test_parse_stats_csv
    rows = parse_stats_csv(fixture_path, config)
           ^^^^^^^^^^^^^^^^^^^^^^^^^^^^^^^^^^^^^
src\alphaforge\ingestion\csv_parser.py:111: in parse_stats_csv
    parameters[header] = parse_value(val)
                         ^^^^^^^^^^^^^^^^
src\alphaforge\ingestion\csv_parser.py:21: in parse_value
    s = raw.strip()
        ^^^^^^^^^
E   AttributeError: 'NoneType' object has no attribute 'strip'
=========================== short test summary info ===========================
FAILED tests/test_csv_parser.py::test_parse_stats_csv - AttributeError: 'None...
======================== 1 failed, 10 passed in 0.70s =========================
